mktextfm QTFritzQuad
mktextfm QTFritzQuad
mktextfm QTFritzQuad
mktextfm QTFritzQuad/BI
mktextfm QTFritzQuad
mktextfm QTFritzQuad/B
mktextfm QTFritzQuad
mktextfm QTFritzQuad/I
mktextfm QTFritzQuad
mktextfm QTFritzQuad
mktextfm QTFritzQuad
mktextfm QTFritzQuad
mktextfm QTFritzQuad
mktextfm QTFritzQuad/BI
mktextfm QTFritzQuad
mktextfm QTFritzQuad/B
mktextfm QTFritzQuad
mktextfm QTFritzQuad/I
mktextfm QTFritzQuad
mktextfm QTFritzQuad
mktextfm QTFritzquad
mktextfm QTFritzquad
mktextfm QTFritzquad
mktextfm QTFritzquad/BI
mktextfm QTFritzquad
mktextfm QTFritzquad/B
mktextfm QTFritzquad
mktextfm QTFritzquad/I
mktextfm QTFritzquad
mktextfm QTFritzquad
