\BOOKMARK [1][]{section.1}{Introducci\363n}{}% 1
\BOOKMARK [1][]{section.2}{Materiales\040y\040Metodolog\355a}{}% 2
\BOOKMARK [2][]{subsection.2.1}{Modelado\040del\040motor\040en\040el\040espacio\040de\040estados}{section.2}% 3
\BOOKMARK [3][]{subsubsection.2.1.1}{An\341lisis\040del\040voltaje\040en\040el\040rotor}{subsection.2.1}% 4
\BOOKMARK [3][]{subsubsection.2.1.2}{An\341lisis\040mec\341nico\040del\040motor}{subsection.2.1}% 5
\BOOKMARK [3][]{subsubsection.2.1.3}{Matrices\040del\040sistema\040en\040el\040espacio\040de\040estados}{subsection.2.1}% 6
\BOOKMARK [2][]{subsection.2.2}{Funci\363n\040de\040transferencia\040del\040sistema}{section.2}% 7
\BOOKMARK [3][]{subsubsection.2.2.1}{Desglose\040de\040\(sI-A\)-1}{subsection.2.2}% 8
\BOOKMARK [3][]{subsubsection.2.2.2}{Funci\363n\040de\040transferencia\040del\040sistema}{subsection.2.2}% 9
\BOOKMARK [3][]{subsubsection.2.2.3}{Funci\363n\040de\040transferencia\040con\040valores\040experimentales}{subsection.2.2}% 10
\BOOKMARK [2][]{subsection.2.3}{An\341lisis\040de\040estabilidad\040del\040sistema}{section.2}% 11
\BOOKMARK [2][]{subsection.2.4}{An\341lisis\040de\040estabilidad\040del\040sistema\040a\040trav\351s\040de\040la\040matriz\040din\341mica}{section.2}% 12
\BOOKMARK [3][]{subsubsection.2.4.1}{Determinante\040de\040A}{subsection.2.4}% 13
\BOOKMARK [3][]{subsubsection.2.4.2}{Autovalores\040de\040A}{subsection.2.4}% 14
\BOOKMARK [3][]{subsubsection.2.4.3}{An\341lisis\040de\040autovalores\040con\040valores\040experimentales}{subsection.2.4}% 15
\BOOKMARK [3][]{subsubsection.2.4.4}{Conclusi\363n\040del\040an\341lisis\040de\040estabilidad\040por\040medio\040de\040la\040matriz\040din\341mica}{subsection.2.4}% 16
\BOOKMARK [2][]{subsection.2.5}{An\341lisis\040de\040estabilidad\040del\040sistema\040a\040trav\351s\040del\040criterio\040de\040Lyapunov}{section.2}% 17
\BOOKMARK [3][]{subsubsection.2.5.1}{Funci\363n\040candidata\040de\040Lyapunov}{subsection.2.5}% 18
\BOOKMARK [3][]{subsubsection.2.5.2}{Desarrollo\040de\040la\040funci\363n\040candidata}{subsection.2.5}% 19
\BOOKMARK [3][]{subsubsection.2.5.3}{Condici\363n\040para\040simplificar\040la\040matriz}{subsection.2.5}% 20
\BOOKMARK [3][]{subsubsection.2.5.4}{Derivada\040de\040la\040funci\363n\040de\040Lyapunov}{subsection.2.5}% 21
\BOOKMARK [3][]{subsubsection.2.5.5}{Verificaci\363n\040de\040las\040condiciones\040de\040Lyapunov}{subsection.2.5}% 22
\BOOKMARK [2][]{subsection.2.6}{An\341lisis\040de\040controlabilidad\040del\040sistema}{section.2}% 23
\BOOKMARK [3][]{subsubsection.2.6.1}{Reducci\363n\040de\040la\040matriz\040de\040controlabilidad}{subsection.2.6}% 24
\BOOKMARK [3][]{subsubsection.2.6.2}{Matriz\040de\040controlabilidad\040con\040valores\040experimentales}{subsection.2.6}% 25
\BOOKMARK [2][]{subsection.2.7}{An\341lisis\040de\040observabilidad\040del\040sistema}{section.2}% 26
\BOOKMARK [3][]{subsubsection.2.7.1}{Reducci\363n\040de\040la\040matriz\040de\040observabilidad}{subsection.2.7}% 27
\BOOKMARK [3][]{subsubsection.2.7.2}{Matriz\040de\040observabilidad\040con\040valores\040experimentales}{subsection.2.7}% 28
\BOOKMARK [1][]{section.3}{Simulaci\363n\040en\040SciLab}{}% 29
\BOOKMARK [2][]{subsubsection.3.0.1}{Par\341metros\040del\040motor}{section.3}% 30
\BOOKMARK [3][]{subsubsection.3.0.2}{Matrices\040del\040espacio\040de\040estados}{subsubsection.3.0.1}% 31
\BOOKMARK [3][]{subsubsection.3.0.3}{Configuraci\363n\040de\040simulaci\363n}{subsubsection.3.0.1}% 32
\BOOKMARK [3][]{subsubsection.3.0.4}{Funci\363n\040de\040transferencia}{subsubsection.3.0.1}% 33
\BOOKMARK [3][]{subsubsection.3.0.5}{Simulaci\363n\040de\040respuesta\040al\040escal\363n}{subsubsection.3.0.1}% 34
\BOOKMARK [3][]{subsubsection.3.0.6}{C\341lculo\040de\040autovalores}{subsubsection.3.0.1}% 35
\BOOKMARK [3][]{subsubsection.3.0.7}{Controlabilidad}{subsubsection.3.0.1}% 36
\BOOKMARK [3][]{subsubsection.3.0.8}{Observabilidad}{subsubsection.3.0.1}% 37
\BOOKMARK [1][]{section.4}{Conclusiones}{}% 38
